$ cargo check --no-default-features --features runtime-jit
    Checking kujo v1.0.0 (/private/tmp/kujo-v1-p1-004-clean)
warning: constant `ZIP_UNIX_FILE_TYPE_MASK` is never used
  --> src/interpreter/native_functions/filesystem.rs:23:7
   |
23 | const ZIP_UNIX_FILE_TYPE_MASK: u32 = 0o170000;
   |       ^^^^^^^^^^^^^^^^^^^^^^^
   |
   = note: `#[warn(dead_code)]` (part of `#[warn(unused)]`) on by default

warning: constant `ZIP_UNIX_SYMLINK_FILE_TYPE` is never used
  --> src/interpreter/native_functions/filesystem.rs:24:7
   |
24 | const ZIP_UNIX_SYMLINK_FILE_TYPE: u32 = 0o120000;
   |       ^^^^^^^^^^^^^^^^^^^^^^^^^^

warning: struct `ZipExtractionLimits` is never constructed
  --> src/interpreter/native_functions/filesystem.rs:29:8
   |
29 | struct ZipExtractionLimits {
   |        ^^^^^^^^^^^^^^^^^^^

warning: associated constant `DEFAULT` is never used
  --> src/interpreter/native_functions/filesystem.rs:36:11
   |
35 | impl ZipExtractionLimits {
   | ------------------------ associated constant in this implementation
36 |     const DEFAULT: Self = Self {
   |           ^^^^^^^

warning: `kujo` (lib) generated 4 warnings
warning: function `ensure_canonical_path_within_root` is never used
   --> src/path_security.rs:154:8
    |
154 | pub fn ensure_canonical_path_within_root(
    |        ^^^^^^^^^^^^^^^^^^^^^^^^^^^^^^^^^

warning: function `reject_symlink_target_path` is never used
   --> src/path_security.rs:165:8
    |
165 | pub fn reject_symlink_target_path(path: &Path, context: &str) -> Result<(), String> {
    |        ^^^^^^^^^^^^^^^^^^^^^^^^^^

warning: `kujo` (bin "kujo") generated 6 warnings (4 duplicates)
    Finished `dev` profile [unoptimized + debuginfo] target(s) in 27.36s
