docs/WORKFLOW_PACKS.md:5:## v1.0 Launch Boundary
docs/V1_0_RELEASE_READINESS_GAP_CHECKLIST.md:59:- Warnings: no lint command detected, no format command detected, no `kennel.toml`, no clear entry point detected.
docs/V1_0_RELEASE_READINESS_GAP_CHECKLIST.md:171:    - Decide whether absence of `kennel.toml` is expected for the language runtime repo.
docs/V1_0_RELEASE_READINESS_GAP_CHECKLIST.md:177:    - Decision: do not add a `kennel.toml` or Makefile solely to satisfy ShipCheck 0.1 detectors; the canonical release commands remain `scripts/release_gate.sh --full` / `scripts/release_candidate_gate.sh --full`, and the runtime entry point remains Cargo binary `kujo` from `src/main.rs`.
docs/V1_0_RELEASE_READINESS_GAP_CHECKLIST.md:401:  - Problem: ShipCheck warns about missing `kennel.toml`, and package workflow docs describe deterministic local package workflows. Registry/publish expectations should be explicit.
docs/V1_0_RELEASE_READINESS_GAP_CHECKLIST.md:409:      upload transport, or a first-party `kennel.toml` for this runtime repo.
docs/V1_0_RELEASE_READINESS_GAP_CHECKLIST.md:413:    - Changed `kujo package-publish --publish` to fail deterministically with
docs/SHIPCHECK_RELEASE_EXCEPTIONS.md:20:Reason: formatting is already enforced by `scripts/release_gate.sh --full` and `scripts/release_candidate_gate.sh --full`. Adding a Makefile or `kennel.toml` solely for detector discovery would duplicate the canonical release gate command source.
docs/SHIPCHECK_RELEASE_EXCEPTIONS.md:38:ShipCheck warning: `No kennel.toml found`.
docs/SHIPCHECK_RELEASE_EXCEPTIONS.md:42:Reason: this repository publishes the Kujo language/runtime crate and binary through Cargo and GitHub release artifacts. It is not itself a Kennel package repository. Kujo v1.0 package scope is local manifest/lockfile determinism and local workflow-pack execution only; no public Kennel registry, remote package resolution, or package publish transport is part of the v1.0 launch boundary.
docs/SHIPCHECK_RELEASE_EXCEPTIONS.md:56:Reason: ShipCheck currently detects entry points from `kennel.toml` or root `.kujo` scripts. The Kujo runtime entry point is the Cargo binary, not a root Kujo script.
tests/package_registry_boundary_docs_contract.rs:20:    let required_boundary = "Kujo v1.0 package scope is local manifest and lockfile determinism";
tests/package_registry_boundary_docs_contract.rs:29:            && release_process.contains("does not include a public Kennel registry")
tests/package_registry_boundary_docs_contract.rs:30:            && release_process.contains("`kujo package-publish` is metadata preview only")
tests/package_registry_boundary_docs_contract.rs:31:            && release_process.contains("--publish")
tests/package_registry_boundary_docs_contract.rs:36:        workflow_packs.contains("## v1.0 Launch Boundary")
tests/package_registry_boundary_docs_contract.rs:43:        kennel.contains("## v1.0 Boundary")
tests/package_registry_boundary_docs_contract.rs:50:        shipcheck.contains("No kennel.toml found")
tests/package_registry_boundary_docs_contract.rs:51:            && shipcheck.contains("local manifest/lockfile determinism")
tests/package_registry_boundary_docs_contract.rs:52:            && shipcheck.contains("no public Kennel registry"),
tests/package_registry_boundary_docs_contract.rs:53:        "ShipCheck exception should explain why missing kennel.toml is intentional"
docs/RELEASE_PROCESS.md:64:- Kujo v1.0 package scope is local manifest and lockfile determinism:
docs/RELEASE_PROCESS.md:69:- Kujo v1.0 does not include a public Kennel registry, remote package
docs/RELEASE_PROCESS.md:71:  first-party `kennel.toml` for the language/runtime repository.
docs/RELEASE_PROCESS.md:72:- `kujo package-publish` is metadata preview only; `--publish` is reserved for
docs/RELEASE_PROCESS.md:191:- Intentional absence of `kennel.toml` for the language/runtime crate
README.md:15:- Kujo v1.0 package scope is local manifest and lockfile determinism only; it does not include a public Kennel registry or package publish transport.
README.md:195:- Treat `kujo package-publish` as metadata preview only; `--publish` is reserved
README.md:212:- `kujo package-publish`: preview package publish metadata only; no public registry publish occurs in v1.0.
docs/KENNEL_NAMESPACE_PLAN.md:5:## v1.0 Boundary
tests/package_module_workflow_integration.rs:422:    let preview = run_kujo(&["package-publish", "--manifest", manifest_path_str], &project_root);
tests/package_module_workflow_integration.rs:425:        "package-publish preview should succeed: stdout={} stderr={}",
tests/package_module_workflow_integration.rs:436:        run_kujo(&["package-publish", "--manifest", manifest_path_str, "--publish"], &project_root);
tests/package_module_workflow_integration.rs:439:        "package-publish --publish should fail until registry transport exists"
src/main.rs:1077:            | "package-publish"
src/main.rs:1892:                    "package publish transport is not available in Kujo v1.0; run without --publish for metadata preview"
