Compiler optimization: 0 constants folded, 15 dead instructions removed, 0 peephole optimizations
# ShipCheck Release-Readiness Report

**Directory:** .
**Project type:** rust

## Summary

| Metric | Count |
|--------|-------|
| Total checks | 16 |
| Passed | 12 |
| Failed (errors) | 0 |
| Warnings | 4 |
| **Gate** | **PASSED (warnings)** |

## Repository Health

- [PASS] Git repository detected
- [PASS] README found: README.md
- [PASS] LICENSE found: LICENSE
- [PASS] Ignore files found: .gitignore

## Code Quality

- [PASS] Test directory found: tests/
- [WARN] No lint command detected
- [WARN] No format command detected
- [PASS] CI configuration found: .github/workflows/

## Documentation

- [PASS] README has install/quickstart instructions
- [PASS] README has usage/examples
- [PASS] Examples directory found with 183 entries
- [PASS] Documentation directory found with 65 entries

## Release Metadata

- [PASS] Cargo.toml found with version field
- [PASS] Changelog found: CHANGELOG.md
- [WARN] No kennel.toml found
- [WARN] No clear entry point detected

