{
  "command": "run",
  "contract_version": "1.0.0",
  "diagnostic": {
    "code": "KUJORUN001",
    "column": 1,
    "file": "runtime_undefined_identifier.kujo",
    "help": "Define this name before using it, check the spelling, or import the module that provides it.",
    "line": 1,
    "message": "Undefined variable: missing_value",
    "severity": "error",
    "subsystem": "runtime"
  },
  "exit_code": 4,
  "kind": "runtime_diagnostic",
  "status": "error"
}