$ bash scripts/run_release_gate.sh
Dispatch release gate
Runtime: /tmp/kujo16-publication/clean-installer/bin/kujo
Shards: 24
Source tests: 101

Running focused integration suites...

============================================================
Test Results
============================================================
  ✓ custom providers cannot select arbitrary process secret variables (13ms)
  ✓ parse json from output supports trailing json line (6ms)
  ✓ parse error details are redacted by default (6ms)
  ✓ parse error details include raw output when debug enabled (7ms)
  ✓ execution error message redacts stderr by default (7ms)
  ✓ execution error message includes stderr when debug enabled (9ms)
  ✓ bridge spawn command is direct argv without shell wrapper (6ms)
  ✓ bridge timeout is configurable with a safe default (10ms)
  ✓ bridge payload carries route provenance and structured output policy (15ms)
  ✓ offline fixture model calls return in process without bridge execution (9ms)

Tests: 10 total, 10 passed, 0 failed
Time:  102ms
============================================================

All tests passed! ✨

============================================================
Test Results
============================================================
  ✓ policy precedence uses environment profile when config and cli are absent (83569ms)
  ✓ policy precedence uses config profile when cli is absent (82998ms)
  ✓ policy and config controls honor cli over config over env (7655ms)

Tests: 3 total, 3 passed, 0 failed
Time:  174248ms
============================================================

All tests passed! ✨

============================================================
Test Results
============================================================
  ✓ legacy static routing preserves requested agent model (117ms)
  ✓ quality first routing applies capability and quality floor (171ms)
  ✓ provider cost latency tool and schema constraints reject incompatible routes (194ms)
  ✓ deterministic tie break and decision id ignore candidate declaration order (251ms)
  ✓ agent substitution requires execution compatibility (169ms)
  ✓ no route error includes candidate evaluations (124ms)
  ✓ effective agent clone changes model without mutating source (83ms)
  ✓ deterministic evaluation supports accepted and configured failure outcomes (95ms)
  ✓ failure classifier separates retry fallback and terminal failures (93ms)
  ✓ runner persists route before execution and records explicit fallback (2402ms)
  ✓ plugin style compatible agent participates in deterministic selection (179ms)
  ✓ context reliability risk and output schema constraints are hard filters (160ms)
  ✓ routing rejects unknown constrained risk incompatible schemas and unsupported policy modes (156ms)
  ✓ cost latency and balanced objectives produce deterministic distinct choices (526ms)
  ✓ AI SDK catalog metadata is authoritative over agent candidate claims (126ms)
  ✓ upgrade and reroute overrides enforce their distinct semantics (276ms)
  ✓ runner records same-route retry separately from fallback (1600ms)
  ✓ persisted decision is reused and sensitive route fields are redacted (2369ms)
  ✓ declarative loader preserves workflow agent and step routing contracts (146ms)
  ✓ model catalog references reject absolute and traversal paths by default (95ms)
  ✓ narrower policy layers cannot weaken broader routing constraints (99ms)
  ✓ strict routing validation rejects unknown fields and providers (107ms)
  ✓ generic model handler executes a declarative routed agent (1579ms)
  ✓ cost-bounded live routes reject missing authoritative pricing (1280ms)
  ✓ cost budgets reserve growing context when output pricing is explicitly zero (1274ms)
  ✓ generic model handler executes only model-requested tools with bounded idempotent replay (114ms)
  ✓ generic model handler fails closed when tool authorization denies a request (100ms)
  ✓ built-in deterministic agent handlers enforce tool authorization (103ms)
  ✓ generic model handler decrements the total token envelope across rounds (112ms)
  ✓ generic model handler persists incremental stream events (102ms)
  ✓ route evaluation pauses for native human review and resumes stored output (2036ms)

Tests: 31 total, 31 passed, 0 failed
Time:  16697ms
============================================================

All tests passed! ✨

============================================================
Test Results
============================================================
  ✓ sqlite state store persists revisions and remains authoritative (1250ms)

Tests: 1 total, 1 passed, 0 failed
Time:  1255ms
============================================================

All tests passed! ✨

============================================================
Test Results
============================================================
  ✓ retry backoff fails closed when it would cross the execution deadline (100ms)
  ✓ unbounded custom tools are rejected before hard-deadline execution (631ms)
  ✓ webhook delivery accepts only 2xx responses (93ms)
  ✓ network callbacks require exact HTTPS allowlists and signing (100ms)
  ✓ workflow loader validates budgets and bounded parallel controls (183ms)
  ✓ workflow max steps budget fails closed before the next step (933ms)
  ✓ webhook outbox summarizes latest durable delivery state (95ms)
  ✓ OpenTelemetry artifact is valid OTLP JSON with correlated ids (105ms)

Tests: 8 total, 8 passed, 0 failed
Time:  2368ms
============================================================

All tests passed! ✨

Running sharded Dispatch contract suite...
Shard 1/24: tests/tmp/dispatch-test-shards/dispatch_tests_shard_1.kujo

============================================================
Test Results
============================================================
  ✓ workflow creation includes required sections (159ms)
  ✓ state persistence saves and reloads run (662ms)
  ✓ dispatch blocks unsafe config paths without opt in (308ms)
  ✓ dispatch unknown command prints usage snapshot (286ms)
  ✓ invalid step output is not committed to the idempotency cache (655ms)

Tests: 5 total, 5 passed, 0 failed
Time:  2150ms
============================================================

All tests passed! ✨
Shard 2/24: tests/tmp/dispatch-test-shards/dispatch_tests_shard_2.kujo
