$ cargo test --test cli_json_contracts
started_at=2026-06-19T17:47:12-0400
    Finished `test` profile [unoptimized + debuginfo] target(s) in 1.07s
     Running tests/cli_json_contracts.rs (target/debug/deps/cli_json_contracts-e77c2b27faa9bbc3)

running 18 tests
test docgen_json_discovery_limits_fail_on_invalid_env_values ... ok
test lint_json_contract_is_stable ... ok
test docgen_json_contract_snapshot_is_stable ... ok
test lsp_rename_json_failure_contract_is_stable ... ok
test format_json_contract_is_stable ... ok
test run_runtime_json_diagnostic_contract_is_stable ... ok
test run_runtime_json_diagnostic_contract_reports_capability_hint ... ok
test run_runtime_json_diagnostic_contract_reports_invalid_binary_help ... ok
test run_runtime_json_diagnostic_contract_includes_missing_module_help ... ok
test cli_json_negative_paths_have_stable_failure_signals ... ok
test run_runtime_json_diagnostic_contract_reports_non_callable_call_hint ... ok
test docgen_json_contract_is_stable ... ok
test docgen_json_discovery_limits_fail_on_zero_cli_values ... ok
test docgen_json_link_mode_failure_breakdown_is_stable ... ok
test docgen_json_warns_for_external_mode_without_allowlist ... ok
test lsp_cli_json_contracts_are_stable ... ok
test docgen_json_cache_mode_reports_hit_miss_counters ... ok
test docgen_json_discovery_limits_support_cli_and_env_overrides ... ok

test result: ok. 18 passed; 0 failed; 0 ignored; 0 measured; 0 filtered out; finished in 0.63s

ended_at=2026-06-19T17:47:15-0400
